// Jest Snapshot v1, https://goo.gl/fbAQLP

exports[`matches snapshot 1`] = `
<DocumentFragment>
  <div
    class="container"
    id="LoginForm"
  >
    <h1
      class="title"
    >
      Sign Up Below
    </h1>
    <form>
      <div
        class="form-group col-8"
      >
        <label>
          Username
        </label>
        <input
          class="form-control"
          name="username"
          value=""
        />
      </div>
      <div
        class="form-group col-8"
      >
        <label>
          Password
        </label>
        <input
          class="form-control"
          name="password"
          type="password"
          value=""
        />
      </div>
      <div
        class="form-group col-8"
      >
        <label>
          First name
        </label>
        <input
          class="form-control"
          name="firstName"
          value=""
        />
      </div>
      <div
        class="form-group col-8"
      >
        <label>
          Last name
        </label>
        <input
          class="form-control"
          name="lastName"
          value=""
        />
      </div>
      <div
        class="form-group col-8"
      >
        <label>
          Email
        </label>
        <input
          class="form-control"
          name="email"
          type="email"
          value=""
        />
      </div>
      <button
        class="loginBtn"
        type="submit"
      >
        Submit
      </button>
    </form>
  </div>
</DocumentFragment>
`;
