// Jest Snapshot v1, https://goo.gl/fbAQLP

exports[`matches snapshot with logo 1`] = `
<DocumentFragment>
  <div
    class="linkDiv"
  >
    <a
      href="/menus/testUser1/1"
    >
      <button
        class="MenusLink"
      >
        Test Event
      </button>
    </a>
  </div>
</DocumentFragment>
`;
